// Jest Snapshot v1, https://goo.gl/fbAQLP

exports[`EditContact should render correct form structure 1`] = `
<DocumentFragment>
  <div>
    <section
      class="pane focusIndicator"
      id="edit-interface"
    >
      <div
        aria-labelledby="paneHeaderedit-interface-pane-title"
        class="paneHeader"
        data-test-pane-header="true"
        id="paneHeaderedit-interface"
        role="region"
        tabindex="-1"
      >
        <div
          class="paneHeaderButtonsArea first"
        >
          <div
            class="paneMenu"
          >
            <button
              aria-label="stripes-components.closeItem"
              class="iconButton medium paneHeaderCloseIcon PaneHeaderIconButton paneHeaderIconButton"
              data-test-pane-header-dismiss-button="true"
              icon="times"
              type="button"
            >
              <span
                class="iconButtonInner mediumOffset PaneHeaderIconButton__inner"
                data-test-pane-header-dismiss-button="true"
              >
                <span>
                  Icon
                </span>
              </span>
            </button>
          </div>
        </div>
        <div
          class="paneHeaderCenter"
        >
          <div
            class="paneHeaderCenterInner"
            id="paneHeaderedit-interface-pane-title"
          />
        </div>
        <div
          class="paneHeaderButtonsArea last"
        >
          <div
            class="paneMenu"
          >
            <button
              class="button primary marginBottom0"
              disabled=""
              title="ui-organizations.interface.button.save"
              type="submit"
            >
              <span
                class="inner"
              >
                ui-organizations.interface.button.save
              </span>
            </button>
          </div>
        </div>
      </div>
      <div
        class="paneContent hasPadding"
        id="edit-interface-content"
        tabindex="-1"
      >
        <div
          class="row"
        >
          <div
            class="col-xs-12 col-md-8 col-md-offset-2"
          >
            <div
              class="row"
            >
              <div
                class="col-xs-6"
              >
                <div
                  class="select inputGroup fullWidth"
                >
                  <label
                    class="label"
                    for="select-2"
                    id="select-2-label"
                  >
                    ui-organizations.interface.type
                  </label>
                  <div
                    class="selectWrap"
                  >
                    <select
                      aria-invalid="false"
                      aria-labelledby="select-2-label"
                      class="selectControl formControl"
                      id="select-2"
                      multiple=""
                      name="type"
                      type="select"
                    >
                      <option
                        value="Admin"
                      >
                        Admin
                      </option>
                      <option
                        value="End user"
                      >
                        End user
                      </option>
                      <option
                        value="Reports"
                      >
                        Reports
                      </option>
                      <option
                        value="Orders"
                      >
                        Orders
                      </option>
                      <option
                        value="Invoices"
                      >
                        Invoices
                      </option>
                      <option
                        value="Other"
                      >
                        Other
                      </option>
                    </select>
                  </div>
                  <div
                    role="alert"
                  />
                </div>
              </div>
            </div>
            <div
              class="row"
            >
              <div
                class="col-xs-12 col-md-6"
              >
                <div
                  class="textField"
                >
                  <label
                    class="label"
                    for="text-input-3"
                  >
                    ui-organizations.interface.name
                    <span
                      aria-hidden="true"
                      class="asterisk"
                    >
                      *
                    </span>
                  </label>
                  <div
                    class="formControl inputGroup"
                  >
                    <input
                      aria-invalid="false"
                      aria-required="true"
                      autocapitalize="off"
                      autocomplete="off"
                      autocorrect="off"
                      error=""
                      id="text-input-3"
                      name="name"
                      required=""
                      spellcheck="false"
                      type="text"
                      value="GOBI"
                      warning=""
                    />
                  </div>
                  <div
                    role="alert"
                  />
                </div>
              </div>
              <div
                class="col-xs-12 col-md-6"
              >
                <div
                  class="textField"
                >
                  <label
                    class="label"
                    for="text-input-4"
                  >
                    ui-organizations.interface.uri
                  </label>
                  <div
                    class="formControl inputGroup"
                  >
                    <input
                      aria-invalid="false"
                      autocapitalize="off"
                      autocomplete="off"
                      autocorrect="off"
                      error=""
                      id="text-input-4"
                      name="uri"
                      spellcheck="false"
                      type="url"
                      value="www.gobi3.com"
                      warning=""
                    />
                  </div>
                  <div
                    role="alert"
                  />
                </div>
              </div>
              <div
                class="col-xs-12 col-md-6"
              >
                <div
                  class="textField"
                >
                  <label
                    class="label"
                    for="text-input-5"
                  >
                    ui-organizations.interface.username
                  </label>
                  <div
                    class="formControl inputGroup"
                  >
                    <input
                      aria-invalid="false"
                      autocapitalize="off"
                      autocomplete="off"
                      autocorrect="off"
                      error=""
                      id="text-input-5"
                      name="username"
                      spellcheck="false"
                      type="text"
                      value=""
                      warning=""
                    />
                  </div>
                  <div
                    role="alert"
                  />
                </div>
              </div>
              <div
                class="col-xs-12 col-md-6"
              >
                <div
                  class="row"
                >
                  <div
                    class="col-xs-10"
                  >
                    <div
                      class="textField"
                    >
                      <label
                        class="label"
                        for="text-input-6"
                      >
                        ui-organizations.edit.password
                      </label>
                      <div
                        class="formControl inputGroup"
                      >
                        <input
                          aria-invalid="false"
                          autocapitalize="off"
                          autocomplete="new-password"
                          autocorrect="off"
                          data-testid="password-field"
                          error=""
                          id="text-input-6"
                          name="password"
                          spellcheck="false"
                          type="password"
                          value=""
                          warning=""
                        />
                      </div>
                      <div
                        role="alert"
                      />
                    </div>
                  </div>
                  <div
                    class="col-xs-2"
                    style="padding-top: 20px; margin-bottom: 0px;"
                  >
                    <button
                      class="button default"
                      id="button"
                      type="button"
                    >
                      <span
                        class="inner"
                      >
                        ui-organizations.edit.show
                      </span>
                    </button>
                  </div>
                </div>
              </div>
              <div
                class="col-xs-12"
              >
                <div
                  class="textArea fullWidth"
                >
                  <label
                    class="label"
                    for="textarea-input-7"
                  >
                    ui-organizations.interface.notes
                  </label>
                  <div
                    class="inputGroup"
                  >
                    <textarea
                      aria-invalid="false"
                      class="formControl"
                      id="textarea-input-7"
                      name="notes"
                    >
                      all staff have different logons with different permissions
                    </textarea>
                    <div
                      role="alert"
                    />
                  </div>
                </div>
              </div>
              <div
                class="col-xs-12"
              >
                <div
                  class="headline size-large margin-none font-weight-bold"
                  data-test-headline="true"
                >
                  ui-organizations.interface.statistics
                </div>
              </div>
              <div
                class="col-xs-12 col-md-6"
              >
                <div
                  class="checkbox"
                  data-test-checkbox="true"
                >
                  <label
                    class="label label checkboxInteractionStylesControl"
                    for="checkbox-8"
                  >
                    <span
                      class="inner checkboxInteractionStyles"
                    >
                      <input
                        aria-invalid="false"
                        class="input"
                        id="checkbox-8"
                        name="available"
                        type="checkbox"
                        value=""
                      />
                      <span
                        class="checkboxIcon"
                      >
                        <svg
                          height="10"
                          viewBox="0 0 14 14"
                          width="10"
                          xmlns="http://www.w3.org/2000/svg"
                        >
                          <path
                            d="M10.395 4.617L5.63 9.383 3.605 7.358"
                            fill="none"
                            stroke-linecap="round"
                            stroke-linejoin="round"
                            stroke-miterlimit="10"
                            stroke-width="1.5"
                          />
                        </svg>
                      </span>
                      <span
                        class="labelText"
                      >
                        ui-organizations.interface.available
                      </span>
                    </span>
                  </label>
                  <div
                    role="alert"
                  />
                </div>
              </div>
              <div
                class="col-xs-12 col-md-6"
              >
                <div
                  class="select inputGroup fullWidth"
                >
                  <label
                    class="label"
                    for="select-9"
                    id="select-9-label"
                  >
                    ui-organizations.interface.deliveryMethod
                  </label>
                  <div
                    class="selectWrap"
                  >
                    <select
                      aria-invalid="false"
                      aria-labelledby="select-9-label"
                      class="selectControl formControl"
                      id="select-9"
                      name="deliveryMethod"
                    />
                    <span>
                      Icon
                    </span>
                  </div>
                  <div
                    role="alert"
                  />
                </div>
              </div>
              <div
                class="col-xs-12 col-md-6"
              >
                <div
                  class="select inputGroup fullWidth"
                >
                  <label
                    class="label"
                    for="select-10"
                    id="select-10-label"
                  >
                    ui-organizations.interface.statisticsFormat
                  </label>
                  <div
                    class="selectWrap"
                  >
                    <select
                      aria-invalid="false"
                      aria-labelledby="select-10-label"
                      class="selectControl formControl"
                      id="select-10"
                      name="statisticsFormat"
                    />
                    <span>
                      Icon
                    </span>
                  </div>
                  <div
                    role="alert"
                  />
                </div>
              </div>
              <div
                class="col-xs-12 col-md-6"
              >
                <div
                  class="textField"
                >
                  <label
                    class="label"
                    for="text-input-11"
                  >
                    ui-organizations.interface.locallyStored
                  </label>
                  <div
                    class="formControl inputGroup"
                  >
                    <input
                      aria-invalid="false"
                      autocapitalize="off"
                      autocomplete="off"
                      autocorrect="off"
                      error=""
                      id="text-input-11"
                      name="locallyStored"
                      spellcheck="false"
                      type="text"
                      value="false"
                      warning=""
                    />
                  </div>
                  <div
                    role="alert"
                  />
                </div>
              </div>
              <div
                class="col-xs-12 col-md-6"
              >
                <div
                  class="textField"
                >
                  <label
                    class="label"
                    for="text-input-12"
                  >
                    ui-organizations.interface.onlineLocation
                  </label>
                  <div
                    class="formControl inputGroup"
                  >
                    <input
                      aria-invalid="false"
                      autocapitalize="off"
                      autocomplete="off"
                      autocorrect="off"
                      error=""
                      id="text-input-12"
                      name="onlineLocation"
                      spellcheck="false"
                      type="text"
                      value=""
                      warning=""
                    />
                  </div>
                  <div
                    role="alert"
                  />
                </div>
              </div>
              <div
                class="col-xs-12 col-md-6"
              >
                <div
                  class="textArea fullWidth"
                >
                  <label
                    class="label"
                    for="textarea-input-13"
                  >
                    ui-organizations.interface.statisticsNotes
                  </label>
                  <div
                    class="inputGroup"
                  >
                    <textarea
                      aria-invalid="false"
                      class="formControl"
                      id="textarea-input-13"
                      name="statisticsNotes"
                    >
                      get stats on demand from GOBI, or contact customers service
                    </textarea>
                    <div
                      role="alert"
                    />
                  </div>
                </div>
              </div>
            </div>
          </div>
        </div>
      </div>
    </section>
  </div>
  <div />
</DocumentFragment>
`;
